ordinary|SearchSchemaStorage "search_document"|CREATE TABLE search_document(item_id TEXT PRIMARY KEY,adr_id TEXT NOT NULL,candidate_record_id TEXT NOT NULL,title TEXT NOT NULL,summary TEXT NOT NULL,context TEXT NOT NULL,decision TEXT NOT NULL,consequences TEXT NOT NULL,domains TEXT NOT NULL,rationale TEXT NOT NULL,identifier_source TEXT NOT NULL,identifiers TEXT NOT NULL,other TEXT NOT NULL,scope TEXT NOT NULL,source_paths TEXT NOT NULL,obsolete INTEGER NOT NULL CHECK(obsolete IN (0,1)),conflicted INTEGER NOT NULL CHECK(conflicted IN (0,1)),state_token TEXT NOT NULL)
ordinary|SearchSchemaStorage "local_alias"|CREATE TABLE local_alias(alias TEXT PRIMARY KEY,expansion TEXT NOT NULL)
ordinary|SearchSchemaStorage "search_section"|CREATE TABLE search_section(passage_rowid INTEGER PRIMARY KEY,item_id TEXT NOT NULL UNIQUE,search_item_id TEXT NOT NULL REFERENCES search_document(item_id) ON DELETE CASCADE,adr_id TEXT NOT NULL,candidate_record_id TEXT NOT NULL,section_kind TEXT NOT NULL,ordinal INTEGER NOT NULL CHECK(ordinal>=0),line_start INTEGER NOT NULL CHECK(line_start>=1),line_end INTEGER NOT NULL CHECK(line_end>=line_start),text TEXT NOT NULL,weight REAL NOT NULL,source_paths TEXT NOT NULL,identifiers TEXT NOT NULL,UNIQUE(search_item_id,section_kind,ordinal,line_start,line_end))
fts|search-exact|CREATE VIRTUAL TABLE fts_search_exact USING fts5(item_id UNINDEXED,adr_id UNINDEXED,candidate_record_id UNINDEXED,title,summary,decision,domains,rationale,context,consequences,identifiers,tokenize='unicode61')
fts|search-stemmed|CREATE VIRTUAL TABLE fts_search_stemmed USING fts5(item_id UNINDEXED,adr_id UNINDEXED,candidate_record_id UNINDEXED,title,summary,decision,rationale,context,consequences,tokenize='porter unicode61')
fts|search-identifier|CREATE VIRTUAL TABLE fts_search_identifier USING fts5(item_id UNINDEXED,adr_id UNINDEXED,candidate_record_id UNINDEXED,identifiers,tokenize='unicode61')
fts|passage-exact|CREATE VIRTUAL TABLE fts_passage_exact USING fts5(item_id UNINDEXED,adr_id UNINDEXED,candidate_record_id UNINDEXED,section_kind UNINDEXED,text,identifiers,tokenize='unicode61')
fts|passage-stemmed|CREATE VIRTUAL TABLE fts_passage_stemmed USING fts5(item_id UNINDEXED,adr_id UNINDEXED,candidate_record_id UNINDEXED,section_kind UNINDEXED,text,tokenize='porter unicode61')
fts|passage-identifier|CREATE VIRTUAL TABLE fts_passage_identifier USING fts5(item_id UNINDEXED,adr_id UNINDEXED,candidate_record_id UNINDEXED,section_kind UNINDEXED,identifiers,tokenize='unicode61')
