cold|meta|CREATE TABLE meta(key TEXT PRIMARY KEY,value TEXT NOT NULL)
cold|repository_config|CREATE TABLE repository_config(singleton INTEGER PRIMARY KEY CHECK(singleton=1),origin TEXT NOT NULL,path TEXT NOT NULL,oid TEXT,object_type TEXT,mode TEXT,bytes BLOB,parse_state TEXT NOT NULL,decision_root TEXT,connection_root TEXT)
cold|managed_source|CREATE TABLE managed_source(path TEXT PRIMARY KEY,oid TEXT NOT NULL,object_type TEXT NOT NULL,mode TEXT NOT NULL,bytes BLOB,parse_state TEXT NOT NULL)
cold|issue|CREATE TABLE issue(ordinal INTEGER PRIMARY KEY CHECK(ordinal>=0),code TEXT NOT NULL,severity TEXT NOT NULL,origin TEXT NOT NULL,adr_id TEXT,object_id TEXT,operation_id TEXT,commit_oid TEXT,path TEXT,message TEXT NOT NULL)
cold|adr_conflict|CREATE TABLE adr_conflict(adr_id TEXT PRIMARY KEY,code TEXT NOT NULL,candidate_count INTEGER NOT NULL CHECK(candidate_count>=1),state_token TEXT NOT NULL,summaries TEXT NOT NULL)
cold|operation|CREATE TABLE operation(operation_id TEXT PRIMARY KEY,timestamp_ms TEXT NOT NULL CHECK(timestamp_ms GLOB '[1-9]*' AND timestamp_ms NOT GLOB '*[^0-9]*'),actor_kind TEXT NOT NULL,actor_id TEXT NOT NULL,actor_model TEXT,basis_oid TEXT NOT NULL,branch_hint TEXT,upstream_hint TEXT,line_anchors TEXT NOT NULL,tool_version TEXT NOT NULL,input_digest TEXT,prompt_digest TEXT,context_digest TEXT)
cold|operation_member|CREATE TABLE operation_member(operation_id TEXT NOT NULL REFERENCES operation(operation_id) ON DELETE CASCADE,object_id TEXT NOT NULL,object_type TEXT NOT NULL,event_kind TEXT NOT NULL,semantic_digest TEXT NOT NULL,path TEXT NOT NULL,blob_oid TEXT NOT NULL,PRIMARY KEY(operation_id,object_id))
cold|operation_member_parent|CREATE TABLE operation_member_parent(operation_id TEXT NOT NULL,object_id TEXT NOT NULL,ordinal INTEGER NOT NULL CHECK(ordinal>=0),parent_object_id TEXT NOT NULL,PRIMARY KEY(operation_id,object_id,ordinal),FOREIGN KEY(operation_id,object_id) REFERENCES operation_member(operation_id,object_id) ON DELETE CASCADE)
cold|decision_record|CREATE TABLE decision_record(record_id TEXT PRIMARY KEY,adr_id TEXT NOT NULL,operation_id TEXT NOT NULL REFERENCES operation(operation_id),title TEXT NOT NULL,summary TEXT NOT NULL,domains TEXT NOT NULL,body TEXT NOT NULL,path TEXT NOT NULL UNIQUE)
cold|connection_record|CREATE TABLE connection_record(connection_id TEXT PRIMARY KEY,adr_id TEXT NOT NULL,operation_id TEXT NOT NULL REFERENCES operation(operation_id),relation_kind TEXT NOT NULL,payload TEXT NOT NULL,rationale TEXT NOT NULL,path TEXT NOT NULL UNIQUE)
cold|reduced_adr|CREATE TABLE reduced_adr(adr_id TEXT PRIMARY KEY,state_token TEXT NOT NULL,conflicted INTEGER NOT NULL CHECK(conflicted IN (0,1)))
cold|axis_head|CREATE TABLE axis_head(adr_id TEXT NOT NULL REFERENCES reduced_adr(adr_id) ON DELETE CASCADE,axis TEXT NOT NULL,ordinal INTEGER NOT NULL CHECK(ordinal>=0),object_id TEXT NOT NULL,PRIMARY KEY(adr_id,axis,ordinal))
cold|current_connection|CREATE TABLE current_connection(adr_id TEXT NOT NULL REFERENCES reduced_adr(adr_id) ON DELETE CASCADE,axis TEXT NOT NULL,ordinal INTEGER NOT NULL CHECK(ordinal>=0),connection_id TEXT NOT NULL REFERENCES connection_record(connection_id),PRIMARY KEY(adr_id,axis,ordinal))
search|search_document|CREATE TABLE search_document(item_id TEXT PRIMARY KEY,adr_id TEXT NOT NULL,candidate_record_id TEXT NOT NULL,title TEXT NOT NULL,summary TEXT NOT NULL,context TEXT NOT NULL,decision TEXT NOT NULL,consequences TEXT NOT NULL,domains TEXT NOT NULL,rationale TEXT NOT NULL,identifier_source TEXT NOT NULL,identifiers TEXT NOT NULL,other TEXT NOT NULL,scope TEXT NOT NULL,source_paths TEXT NOT NULL,obsolete INTEGER NOT NULL CHECK(obsolete IN (0,1)),conflicted INTEGER NOT NULL CHECK(conflicted IN (0,1)),state_token TEXT NOT NULL)
search|local_alias|CREATE TABLE local_alias(alias TEXT PRIMARY KEY,expansion TEXT NOT NULL)
search|search_section|CREATE TABLE search_section(passage_rowid INTEGER PRIMARY KEY,item_id TEXT NOT NULL UNIQUE,search_item_id TEXT NOT NULL REFERENCES search_document(item_id) ON DELETE CASCADE,adr_id TEXT NOT NULL,candidate_record_id TEXT NOT NULL,section_kind TEXT NOT NULL,ordinal INTEGER NOT NULL CHECK(ordinal>=0),line_start INTEGER NOT NULL CHECK(line_start>=1),line_end INTEGER NOT NULL CHECK(line_end>=line_start),text TEXT NOT NULL,weight REAL NOT NULL,source_paths TEXT NOT NULL,identifiers TEXT NOT NULL,UNIQUE(search_item_id,section_kind,ordinal,line_start,line_end))
fts|search-exact|CREATE VIRTUAL TABLE fts_search_exact USING fts5(item_id UNINDEXED,adr_id UNINDEXED,candidate_record_id UNINDEXED,title,summary,decision,domains,rationale,context,consequences,identifiers,tokenize='unicode61')
fts|search-stemmed|CREATE VIRTUAL TABLE fts_search_stemmed USING fts5(item_id UNINDEXED,adr_id UNINDEXED,candidate_record_id UNINDEXED,title,summary,decision,rationale,context,consequences,tokenize='porter unicode61')
fts|search-identifier|CREATE VIRTUAL TABLE fts_search_identifier USING fts5(item_id UNINDEXED,adr_id UNINDEXED,candidate_record_id UNINDEXED,identifiers,tokenize='unicode61')
fts|passage-exact|CREATE VIRTUAL TABLE fts_passage_exact USING fts5(item_id UNINDEXED,adr_id UNINDEXED,candidate_record_id UNINDEXED,section_kind UNINDEXED,text,identifiers,tokenize='unicode61')
fts|passage-stemmed|CREATE VIRTUAL TABLE fts_passage_stemmed USING fts5(item_id UNINDEXED,adr_id UNINDEXED,candidate_record_id UNINDEXED,section_kind UNINDEXED,text,tokenize='porter unicode61')
fts|passage-identifier|CREATE VIRTUAL TABLE fts_passage_identifier USING fts5(item_id UNINDEXED,adr_id UNINDEXED,candidate_record_id UNINDEXED,section_kind UNINDEXED,identifiers,tokenize='unicode61')
