{"blake2b128_empty":"cae66941d9efbd404e4d88758ea67670","identifier_bytes":3072,"identifier_fingerprint":"sha256:-JSyvxW6dxoDl9Pzpm6Q_aoGk4UCqdqe2SLWDu_IMmw","identifier_input":"DropwireLease","identifier_sha256":"sha256:13hOOqT8avsPCt1aHaj3oeU58fzWMV9xqb1QwT2mwhk","identifier_vector_id":"adrai-identifier:-JSyvxW6dxoDl9Pzpm6Q_aoG:768","quality_architecture_synonyms":true,"quality_environment_identifier":true,"quality_lease_delivery":true,"semantic_bytes":4096,"semantic_fingerprint":"sha256:T_yApQ2sJvyBH21HYYBYuQ1XJhGLKy-TTLO9VSf5Rtc","semantic_input":"memoized compiler","semantic_probes_band0":[127,191,223,239,247,251,253,254,255],"semantic_sha256":"sha256:7Rs3XqQ-6d64ZGhbYwk8Dy7SauKOH7kRNmPyNG0Tigs","semantic_signatures":[255,255,254,255,255,239,251,253,191,255,255,255],"semantic_vector_id":"adrai-semantic:T_yApQ2sJvyBH21HYYBYuQ1X:1024","vector_implementation_fingerprint":"sha256:l4xHEFfJCxRoUiVW7gqLsCeM2odkptfotVON5ENSOoI"}
