search-exact|fts_search_exact|item_id:U,adr_id:U,candidate_record_id:U,title:I,summary:I,decision:I,domains:I,rationale:I,context:I,consequences:I,identifiers:I|unicode61|0.0,0.0,0.0,9.0,7.0,5.5,2.0,3.0,1.5,1.0,4.5|CREATE VIRTUAL TABLE fts_search_exact USING fts5(item_id UNINDEXED,adr_id UNINDEXED,candidate_record_id UNINDEXED,title,summary,decision,domains,rationale,context,consequences,identifiers,tokenize='unicode61')
search-stemmed|fts_search_stemmed|item_id:U,adr_id:U,candidate_record_id:U,title:I,summary:I,decision:I,rationale:I,context:I,consequences:I|porter unicode61|0.0,0.0,0.0,8.0,6.0,5.0,3.0,1.5,1.0|CREATE VIRTUAL TABLE fts_search_stemmed USING fts5(item_id UNINDEXED,adr_id UNINDEXED,candidate_record_id UNINDEXED,title,summary,decision,rationale,context,consequences,tokenize='porter unicode61')
search-identifier|fts_search_identifier|item_id:U,adr_id:U,candidate_record_id:U,identifiers:I|unicode61|0.0,0.0,0.0,8.0|CREATE VIRTUAL TABLE fts_search_identifier USING fts5(item_id UNINDEXED,adr_id UNINDEXED,candidate_record_id UNINDEXED,identifiers,tokenize='unicode61')
passage-exact|fts_passage_exact|item_id:U,adr_id:U,candidate_record_id:U,section_kind:U,text:I,identifiers:I|unicode61|0.0,0.0,0.0,0.0,4.0,3.0|CREATE VIRTUAL TABLE fts_passage_exact USING fts5(item_id UNINDEXED,adr_id UNINDEXED,candidate_record_id UNINDEXED,section_kind UNINDEXED,text,identifiers,tokenize='unicode61')
passage-stemmed|fts_passage_stemmed|item_id:U,adr_id:U,candidate_record_id:U,section_kind:U,text:I|porter unicode61|0.0,0.0,0.0,0.0,4.0|CREATE VIRTUAL TABLE fts_passage_stemmed USING fts5(item_id UNINDEXED,adr_id UNINDEXED,candidate_record_id UNINDEXED,section_kind UNINDEXED,text,tokenize='porter unicode61')
passage-identifier|fts_passage_identifier|item_id:U,adr_id:U,candidate_record_id:U,section_kind:U,identifiers:I|unicode61|0.0,0.0,0.0,0.0,6.0|CREATE VIRTUAL TABLE fts_passage_identifier USING fts5(item_id UNINDEXED,adr_id UNINDEXED,candidate_record_id UNINDEXED,section_kind UNINDEXED,identifiers,tokenize='unicode61')
