fingerprint=sha256:u87mCRUwjVfElqaHx1QiRSiMUx5V_eDdIJ8XHsm1AAI
payload_bytes=1229
query=cache cache identity
profile=keyword
raw_tokens=cache|cache|identity
semantic_terms=cache|identity
phrase="cache cache identity"
exact="cache" AND "identity"
near=NEAR("cache" "identity", 6)
prefix="cache"* OR "identity"*
stemmed="cache" AND "identity"
identifier="cache" OR "identity"
query=CacheKeyFactory
profile=identifier
raw_tokens=cachekeyfactory
semantic_terms=cachekeyfactory
phrase=
exact="cachekeyfactory"
near=
prefix="cachekeyfactory"*
stemmed="cachekeyfactory"
identifier="cachekeyfactory" OR "cache" OR "key" OR "factory" OR "cache_key" OR "key_factory" OR "tricac" OR "triach" OR "triche" OR "trihek" OR "trieke" OR "trikey" OR "trieyf" OR "triyfa" OR "trifac" OR "triact" OR "tricto" OR "tritor" OR "triory"
